Token(ENUM, 1:0, 'enum', 'enum')
Token(IDENT, 1:5, 'Unit', 'Unit')
Token(LBRACE, 1:10, '{', '{')
Token(RBRACE, 1:11, '}', '}')
Token(ENUM, 2:1, 'enum', 'enum')
Token(IDENT, 2:6, 'TestEnum', 'TestEnum')
Token(LBRACE, 2:15, '{', '{')
Token(IDENT, 3:3, 'Test1', 'Test1')
Token(COMMA, 3:8, ',', ',')
Token(IDENT, 3:10, 'Test2', 'Test2')
Token(COMMA, 3:15, ',', ',')
Token(IDENT, 3:17, 'Test3', 'Test3')
Token(LPAREN, 3:22, '(', '(')
Token(IDENT, 3:23, 'A', 'A')
Token(RPAREN, 3:24, ')', ')')
Token(COMMA, 3:25, ',', ',')
Token(RBRACE, 4:1, '}', '}')
Token(ENUM, 5:1, 'enum', 'enum')
Token(IDENT, 5:6, 'Result', 'Result')
Token(LANGLE, 5:12, '<', '<')
Token(IDENT, 5:13, 'R', 'R')
Token(COMMA, 5:14, ',', ',')
Token(IDENT, 5:16, 'E', 'E')
Token(RANGLE, 5:17, '>', '>')
Token(LBRACE, 5:19, '{', '{')
Token(IDENT, 6:3, 'Ok', 'Ok')
Token(LPAREN, 6:5, '(', '(')
Token(IDENT, 6:6, 'R', 'R')
Token(RPAREN, 6:7, ')', ')')
Token(COMMA, 6:8, ',', ',')
Token(IDENT, 6:10, 'Err', 'Err')
Token(LPAREN, 6:13, '(', '(')
Token(IDENT, 6:14, 'E', 'E')
Token(RPAREN, 6:15, ')', ')')
Token(COMMA, 6:16, ',', ',')
Token(RBRACE, 7:1, '}', '}')
Token(FN, 8:1, 'fn', 'fn')
Token(IDENT, 8:4, 'test', 'test')
Token(LANGLE, 8:8, '<', '<')
Token(IDENT, 8:9, 'T', 'T')
Token(RANGLE, 8:10, '>', '>')
Token(LPAREN, 8:11, '(', '(')
Token(IDENT, 8:12, 'a', 'a')
Token(COLON, 8:13, ':', ':')
Token(CONST, 8:15, 'const', 'const')
Token(ASTERISK, 8:21, '*', '*')
Token(IDENT, 8:22, 'T', 'T')
Token(RPAREN, 8:23, ')', ')')
Token(IDENT, 8:25, 'Unit', 'Unit')
Token(LBRACE, 8:30, '{', '{')
Token(RBRACE, 8:31, '}', '}')
Token(STRUCT, 9:1, 'struct', 'struct')
Token(IDENT, 9:8, 'A', 'A')
Token(LBRACE, 9:10, '{', '{')
Token(IDENT, 9:12, 'v', 'v')
Token(COLON, 9:13, ':', ':')
Token(I8, 9:15, 'i8', 'i8')
Token(SEMICOLON, 9:17, ';', ';')
Token(IDENT, 9:19, 'y', 'y')
Token(COLON, 9:20, ':', ':')
Token(BIT, 9:22, 'bit', 'bit')
Token(COLON, 9:25, ':', ':')
Token(INT_LIT, 9:27, '5', 5, '5')
Token(SEMICOLON, 9:28, ';', ';')
Token(IDENT, 9:30, 'z', 'z')
Token(COLON, 9:31, ':', ':')
Token(BOOL, 9:33, 'bool', 'bool')
Token(SEMICOLON, 9:37, ';', ';')
Token(STATIC, 9:39, 'static', 'static')
Token(FN, 9:46, 'fn', 'fn')
Token(IDENT, 9:49, 'new', 'new')
Token(LPAREN, 9:52, '(', '(')
Token(RPAREN, 9:53, ')', ')')
Token(IDENT, 9:55, 'Unit', 'Unit')
Token(LBRACE, 9:60, '{', '{')
Token(RBRACE, 9:61, '}', '}')
Token(RBRACE, 9:63, '}', '}')
Token(INTF, 10:1, 'intf', 'intf')
Token(IDENT, 10:6, 'Intf', 'Intf')
Token(LBRACE, 10:11, '{', '{')
Token(RBRACE, 10:12, '}', '}')
Token(INTF, 11:1, 'intf', 'intf')
Token(IDENT, 11:6, 'IntfT', 'IntfT')
Token(LANGLE, 11:11, '<', '<')
Token(IDENT, 11:12, 'T', 'T')
Token(RANGLE, 11:13, '>', '>')
Token(LBRACE, 11:15, '{', '{')
Token(RBRACE, 11:16, '}', '}')
Token(IMPL, 12:1, 'impl', 'impl')
Token(IDENT, 12:6, 'Intf', 'Intf')
Token(FOR, 12:11, 'for', 'for')
Token(IDENT, 12:15, 'A', 'A')
Token(LBRACE, 12:17, '{', '{')
Token(RBRACE, 12:18, '}', '}')
Token(IMPL, 13:1, 'impl', 'impl')
Token(LANGLE, 13:5, '<', '<')
Token(IDENT, 13:6, 'T', 'T')
Token(RANGLE, 13:7, '>', '>')
Token(IDENT, 13:9, 'IntfT', 'IntfT')
Token(LANGLE, 13:14, '<', '<')
Token(IDENT, 13:15, 'T', 'T')
Token(RANGLE, 13:16, '>', '>')
Token(FOR, 13:18, 'for', 'for')
Token(IDENT, 13:22, 'A', 'A')
Token(LBRACE, 13:24, '{', '{')
Token(RBRACE, 13:25, '}', '}')
Token(FN, 14:1, 'fn', 'fn')
Token(IDENT, 14:4, 'main', 'main')
Token(LPAREN, 14:8, '(', '(')
Token(RPAREN, 14:9, ')', ')')
Token(I8, 14:11, 'i8', 'i8')
Token(LBRACE, 14:14, '{', '{')
Token(ASM, 15:3, 'asm {}')
Token(ASM, 16:3, 'asm {
    lhu r30, 3
  }', '
    lhu r30, 3
  ')
Token(VAR, 19:3, 'var', 'var')
Token(IDENT, 19:7, 'decl', 'decl')
Token(COLON, 19:11, ':', ':')
Token(IDENT, 19:13, 'A', 'A')
Token(SEMICOLON, 19:14, ';', ';')
Token(VAR, 20:3, 'var', 'var')
Token(IDENT, 20:7, 'st', 'st')
Token(COLON, 20:9, ':', ':')
Token(IDENT, 20:11, 'A', 'A')
Token(EQUAL, 20:13, '=', '=')
Token(IDENT, 20:15, 'A', 'A')
Token(LBRACE, 20:17, '{', '{')
Token(RBRACE, 20:18, '}', '}')
Token(SEMICOLON, 20:19, ';', ';')
Token(VAR, 21:3, 'var', 'var')
Token(IDENT, 21:7, 'test_enum', 'test_enum')
Token(COLON, 21:16, ':', ':')
Token(IDENT, 21:18, 'TestEnum', 'TestEnum')
Token(EQUAL, 21:27, '=', '=')
Token(IDENT, 21:29, 'Test3', 'Test3')
Token(LPAREN, 21:34, '(', '(')
Token(IDENT, 21:35, 'st', 'st')
Token(RPAREN, 21:37, ')', ')')
Token(SEMICOLON, 21:38, ';', ';')
Token(IDENT, 22:3, 'st', 'st')
Token(DOT, 22:5, '.', '.')
Token(IDENT, 22:6, 'v', 'v')
Token(EQUAL, 22:8, '=', '=')
Token(INT_LIT, 22:10, '0x3', 3, '0x3')
Token(SEMICOLON, 22:13, ';', ';')
Token(VAR, 23:3, 'var', 'var')
Token(IDENT, 23:7, 'e', 'e')
Token(COLON, 23:8, ':', ':')
Token(I8, 23:10, 'i8', 'i8')
Token(EQUAL, 23:13, '=', '=')
Token(INT_LIT, 23:15, '0', 0, '0')
Token(SEMICOLON, 23:16, ';', ';')
Token(VAR, 24:3, 'var', 'var')
Token(IDENT, 24:7, 'a', 'a')
Token(COLON, 24:8, ':', ':')
Token(I8, 24:10, 'i8', 'i8')
Token(EQUAL, 24:13, '=', '=')
Token(INT_LIT, 24:15, '02', 2, '02')
Token(SEMICOLON, 24:17, ';', ';')
Token(VAR, 25:3, 'var', 'var')
Token(IDENT, 25:7, 'd', 'd')
Token(COLON, 25:8, ':', ':')
Token(LSQUARE, 25:10, '[', '[')
Token(INT_LIT, 25:11, '40', 40, '40')
Token(RSQUARE, 25:13, ']', ']')
Token(I8, 25:14, 'i8', 'i8')
Token(EQUAL, 25:17, '=', '=')
Token(LSQUARE, 25:19, '[', '[')
Token(RSQUARE, 25:20, ']', ']')
Token(SEMICOLON, 25:21, ';', ';')
Token(IDENT, 26:3, 'd', 'd')
Token(LSQUARE, 26:4, '[', '[')
Token(DMINUS, 26:5, '--', '--')
Token(IDENT, 26:7, 'st', 'st')
Token(DOT, 26:9, '.', '.')
Token(IDENT, 26:10, 'v', 'v')
Token(RSQUARE, 26:11, ']', ']')
Token(EQUAL, 26:13, '=', '=')
Token(INT_LIT, 26:15, '1', 1, '1')
Token(SEMICOLON, 26:16, ';', ';')
Token(IDENT, 27:3, 'd', 'd')
Token(LSQUARE, 27:4, '[', '[')
Token(IDENT, 27:5, 'st', 'st')
Token(DOT, 27:7, '.', '.')
Token(IDENT, 27:8, 'v', 'v')
Token(DPLUS, 27:9, '++', '++')
Token(RSQUARE, 27:11, ']', ']')
Token(EQUAL, 27:13, '=', '=')
Token(INT_LIT, 27:15, '1', 1, '1')
Token(SEMICOLON, 27:16, ';', ';')
Token(IDENT, 28:3, 'd', 'd')
Token(LSQUARE, 28:4, '[', '[')
Token(INT_LIT, 28:5, '40', 40, '40')
Token(MINUS, 28:8, '-', '-')
Token(INT_LIT, 28:10, '1', 1, '1')
Token(RSQUARE, 28:11, ']', ']')
Token(EQUAL, 28:13, '=', '=')
Token(BOOL_LIT, 28:15, 'true', 1, 'true')
Token(DAMPERSAND, 28:20, '&&', '&&')
Token(LPAREN, 28:23, '(', '(')
Token(BOOL_LIT, 28:24, 'true', 1, 'true')
Token(DBAR, 28:29, '||', '||')
Token(IDENT, 28:32, '!false', '!false')
Token(RPAREN, 28:38, ')', ')')
Token(QUESTION, 28:40, '?', '?')
Token(IDENT, 28:42, '~0', '~0')
Token(AMPERSAND, 28:45, '&', '&')
Token(INT_LIT, 28:47, '1', 1, '1')
Token(COLON, 28:49, ':', ':')
Token(INT_LIT, 28:51, '1', 1, '1')
Token(CARET, 28:53, '^', '^')
Token(INT_LIT, 28:55, '2', 2, '2')
Token(BAR, 28:57, '|', '|')
Token(INT_LIT, 28:59, '3', 3, '3')
Token(SEMICOLON, 28:60, ';', ';')
Token(IF, 29:3, 'if', 'if')
Token(IDENT, 29:6, 'e', 'e')
Token(DEQUAL, 29:8, '==', '==')
Token(IDENT, 29:11, 'st', 'st')
Token(DOT, 29:13, '.', '.')
Token(IDENT, 29:14, 'v', 'v')
Token(DBAR, 29:16, '||', '||')
Token(IDENT, 29:19, 'd', 'd')
Token(LSQUARE, 29:20, '[', '[')
Token(INT_LIT, 29:21, '23', 23, '23')
Token(MINUS, 29:24, '-', '-')
Token(INT_LIT, 29:26, '2', 2, '2')
Token(RSQUARE, 29:27, ']', ']')
Token(NEQUAL, 29:29, '!=', '!=')
Token(IDENT, 29:32, 'a', 'a')
Token(DBAR, 29:34, '||', '||')
Token(IDENT, 29:37, 'a', 'a')
Token(LTEQUAL, 29:39, '<=', '<=')
Token(IDENT, 29:42, 'e', 'e')
Token(DBAR, 29:44, '||', '||')
Token(IDENT, 29:47, 'a', 'a')
Token(RANGLE, 29:49, '>', '>')
Token(IDENT, 29:51, 'e', 'e')
Token(DBAR, 29:53, '||', '||')
Token(IDENT, 29:56, 'e', 'e')
Token(GTEQUAL, 29:58, '>=', '>=')
Token(IDENT, 29:61, 'st', 'st')
Token(DOT, 29:63, '.', '.')
Token(IDENT, 29:64, 'v', 'v')
Token(DBAR, 29:66, '||', '||')
Token(IDENT, 29:69, 'e', 'e')
Token(LANGLE, 29:71, '<', '<')
Token(IDENT, 29:73, 'd', 'd')
Token(LSQUARE, 29:74, '[', '[')
Token(INT_LIT, 29:75, '3', 3, '3')
Token(RSQUARE, 29:76, ']', ']')
Token(LBRACE, 29:78, '{', '{')
Token(IDENT, 30:5, 'test', 'test')
Token(LANGLE, 30:9, '<', '<')
Token(I8, 30:10, 'i8', 'i8')
Token(RANGLE, 30:12, '>', '>')
Token(LPAREN, 30:13, '(', '(')
Token(AMPERSAND, 30:14, '&', '&')
Token(IDENT, 30:15, 'e', 'e')
Token(RPAREN, 30:16, ')', ')')
Token(SEMICOLON, 30:17, ';', ';')
Token(RBRACE, 31:3, '}', '}')
Token(ELSE, 31:5, 'else', 'else')
Token(IF, 31:10, 'if', 'if')
Token(BOOL_LIT, 31:13, 'true', 1, 'true')
Token(LBRACE, 31:18, '{', '{')
Token(RBRACE, 31:19, '}', '}')
Token(ELSE, 31:21, 'else', 'else')
Token(LBRACE, 31:26, '{', '{')
Token(MATCH, 32:5, 'match', 'match')
Token(IDENT, 32:11, 'a', 'a')
Token(LBRACE, 32:13, '{', '{')
Token(INT_LIT, 33:7, '1', 1, '1')
Token(LBRACE, 33:9, '{', '{')
Token(RBRACE, 33:10, '}', '}')
Token(INT_LIT, 34:7, '2', 2, '2')
Token(LBRACE, 34:9, '{', '{')
Token(RBRACE, 34:10, '}', '}')
Token(INT_LIT, 35:7, '3', 3, '3')
Token(LBRACE, 35:9, '{', '{')
Token(IDENT, 35:10, 'print', 'print')
Token(LPAREN, 35:15, '(', '(')
Token(INT_LIT, 35:16, '5', 5, '5')
Token(RPAREN, 35:17, ')', ')')
Token(SEMICOLON, 35:18, ';', ';')
Token(RBRACE, 35:19, '}', '}')
Token(RBRACE, 36:5, '}', '}')
Token(MATCH, 37:5, 'match', 'match')
Token(IDENT, 37:11, 'test_enum', 'test_enum')
Token(LBRACE, 37:21, '{', '{')
Token(IDENT, 38:7, 'Test1', 'Test1')
Token(LBRACE, 38:13, '{', '{')
Token(RBRACE, 38:14, '}', '}')
Token(IDENT, 39:7, 'Test2', 'Test2')
Token(LBRACE, 39:13, '{', '{')
Token(RBRACE, 39:14, '}', '}')
Token(IDENT, 40:7, 'Test3', 'Test3')
Token(LPAREN, 40:12, '(', '(')
Token(IDENT, 40:13, 'x', 'x')
Token(RPAREN, 40:14, ')', ')')
Token(LBRACE, 40:16, '{', '{')
Token(IDENT, 40:17, 'print', 'print')
Token(LPAREN, 40:22, '(', '(')
Token(IDENT, 40:23, 'x', 'x')
Token(RPAREN, 40:24, ')', ')')
Token(SEMICOLON, 40:25, ';', ';')
Token(RBRACE, 40:26, '}', '}')
Token(RBRACE, 41:5, '}', '}')
Token(RBRACE, 42:3, '}', '}')
Token(VAR, 43:3, 'var', 'var')
Token(IDENT, 43:7, 'b', 'b')
Token(COLON, 43:8, ':', ':')
Token(CONST, 43:10, 'const', 'const')
Token(AUTO, 43:16, 'auto', 'auto')
Token(EQUAL, 43:21, '=', '=')
Token(MINUS, 43:23, '-', '-')
Token(LPAREN, 43:24, '(', '(')
Token(INT_LIT, 43:25, '34', 34, '34')
Token(PLUS, 43:28, '+', '+')
Token(INT_LIT, 43:30, '32', 32, '32')
Token(RPAREN, 43:32, ')', ')')
Token(ASTERISK, 43:34, '*', '*')
Token(LPAREN, 43:36, '(', '(')
Token(INT_LIT, 43:37, '55', 55, '55')
Token(FSLASH, 43:40, '/', '/')
Token(INT_LIT, 43:42, '3', 3, '3')
Token(RPAREN, 43:43, ')', ')')
Token(MINUS, 43:45, '-', '-')
Token(MINUS, 43:47, '-', '-')
Token(INT_LIT, 43:48, '4', 4, '4')
Token(SEMICOLON, 43:49, ';', ';')
Token(IDENT, 44:3, 'a', 'a')
Token(DMINUS, 44:4, '--', '--')
Token(INT_LIT, 44:7, '4', 4, '4')
Token(PERCENT, 44:9, '%', '%')
Token(INT_LIT, 44:11, '2', 2, '2')
Token(SEMICOLON, 44:12, ';', ';')
Token(IDENT, 45:3, 'a', 'a')
Token(DMINUS, 45:4, '--', '--')
Token(MINUS, 45:6, '-', '-')
Token(IDENT, 45:8, 'b', 'b')
Token(SEMICOLON, 45:9, ';', ';')
Token(CHAR_LIT, 46:3, ''a'', 'a')
Token(SEMICOLON, 46:6, ';', ';')
Token(CHAR_LIT, 47:3, ''\\'', '\')
Token(SEMICOLON, 47:7, ';', ';')
Token(CHAR_LIT, 48:3, ''\''', ''')
Token(SEMICOLON, 48:7, ';', ';')
Token(CHAR_LIT, 49:3, ''\"'', '"')
Token(SEMICOLON, 49:7, ';', ';')
Token(STR_LIT, 50:3, '"b\""', 'b"')
Token(SEMICOLON, 50:8, ';', ';')
Token(INT_LIT, 51:3, '5', 5, '5')
Token(DOT, 51:4, '.', '.')
Token(INT_LIT, 51:5, '5', 5, '5')
Token(SEMICOLON, 51:6, ';', ';')
Token(FOR, 52:3, 'for', 'for')
Token(VAR, 52:7, 'var', 'var')
Token(IDENT, 52:11, 'f', 'f')
Token(COLON, 52:12, ':', ':')
Token(I8, 52:14, 'i8', 'i8')
Token(EQUAL, 52:17, '=', '=')
Token(INT_LIT, 52:19, '0', 0, '0')
Token(SEMICOLON, 52:20, ';', ';')
Token(IDENT, 52:22, 'f', 'f')
Token(LANGLE, 52:24, '<', '<')
Token(INT_LIT, 52:26, '10', 10, '10')
Token(SEMICOLON, 52:28, ';', ';')
Token(IDENT, 52:30, 'f', 'f')
Token(DPLUS, 52:31, '++', '++')
Token(LBRACE, 52:34, '{', '{')
Token(RETURN, 53:5, 'return', 'return')
Token(INT_LIT, 53:12, '4', 4, '4')
Token(SEMICOLON, 53:13, ';', ';')
Token(RBRACE, 54:3, '}', '}')
Token(COMMENT, 55:3, '// Big comment "\" ''', '//')
Token(RETURN, 56:3, 'return', 'return')
Token(INT_LIT, 56:10, '0', 0, '0')
Token(SEMICOLON, 56:11, ';', ';')
Token(RBRACE, 57:1, '}', '}')
