Token(COMMENT, expression.meme:1:0, '// status: ok', '//')
Token(COMMENT, expression.meme:2:1, '// input: ''', '//')
Token(COMMENT, expression.meme:3:1, '// output: ''', '//')
Token(COMMENT, expression.meme:4:1, '// returns: 42', '//')
Token(FN, expression.meme:5:1, 'fn', 'fn')
Token(IDENT, expression.meme:5:4, 'main', 'main')
Token(LPAREN, expression.meme:5:8, '(', '(')
Token(RPAREN, expression.meme:5:9, ')', ')')
Token(IDENT, expression.meme:5:11, 'i32', 'i32')
Token(LBRACE, expression.meme:5:15, '{', '{')
Token(MINUS, expression.meme:6:3, '-', '-')
Token(LPAREN, expression.meme:6:4, '(', '(')
Token(INT_LIT, expression.meme:6:5, '34', 34, '34')
Token(PLUS, expression.meme:6:8, '+', '+')
Token(INT_LIT, expression.meme:6:10, '32', 32, '32')
Token(RPAREN, expression.meme:6:12, ')', ')')
Token(ASTERISK, expression.meme:6:14, '*', '*')
Token(LPAREN, expression.meme:6:16, '(', '(')
Token(INT_LIT, expression.meme:6:17, '55', 55, '55')
Token(FSLASH, expression.meme:6:20, '/', '/')
Token(INT_LIT, expression.meme:6:22, '3', 3, '3')
Token(RPAREN, expression.meme:6:23, ')', ')')
Token(MINUS, expression.meme:6:25, '-', '-')
Token(MINUS, expression.meme:6:27, '-', '-')
Token(INT_LIT, expression.meme:6:28, '4', 4, '4')
Token(SEMICOLON, expression.meme:6:29, ';', ';')
Token(IDENT, expression.meme:7:3, 'a', 'a')
Token(MINUS, expression.meme:7:4, '-', '-')
Token(MINUS, expression.meme:7:6, '-', '-')
Token(INT_LIT, expression.meme:7:8, '4', 4, '4')
Token(SEMICOLON, expression.meme:7:9, ';', ';')
Token(IDENT, expression.meme:8:3, 'a', 'a')
Token(DMINUS, expression.meme:8:4, '--', '--')
Token(MINUS, expression.meme:8:6, '-', '-')
Token(IDENT, expression.meme:8:8, 'b', 'b')
Token(SEMICOLON, expression.meme:8:9, ';', ';')
Token(DMINUS, expression.meme:9:3, '--', '--')
Token(MINUS, expression.meme:9:5, '-', '-')
Token(IDENT, expression.meme:9:6, 'a', 'a')
Token(DPLUS, expression.meme:9:7, '++', '++')
Token(PLUS, expression.meme:9:9, '+', '+')
Token(IDENT, expression.meme:9:10, 'b', 'b')
Token(DMINUS, expression.meme:9:11, '--', '--')
Token(MINUS, expression.meme:9:13, '-', '-')
Token(IDENT, expression.meme:9:14, 'c', 'c')
Token(SEMICOLON, expression.meme:9:15, ';', ';')
Token(RET, expression.meme:10:3, 'ret', 'ret')
Token(INT_LIT, expression.meme:10:7, '42', 42, '42')
Token(SEMICOLON, expression.meme:10:9, ';', ';')
Token(RBRACE, expression.meme:11:1, '}', '}')
