Module
 File(arrays.meme)
  Fn(takesbyvalue)
   FnSig
    Typename(takesbyvalue)
    VarDecl(arr)
     Type(Ref(i8))
      Ref(i8)
      Qualifier(const: 0 ptr: 0, array: IntLit(42))
       IntLit(42)
    Type(Ref(i8))
     Ref(i8)
   StmtBlk
    Ret
     Op(ARRAY_ACCESS)
      Ref(arr)
      IntLit(0)
  Fn(takesarrbyptr)
   FnSig
    Typename(takesarrbyptr)
    VarDecl(arr)
     Type(Ref(i8))
      Ref(i8)
      Qualifier(const: 0 ptr: 1, array: 0)
      Qualifier(const: 0 ptr: 0, array: IntLit(42))
       IntLit(42)
    Type(Ref(i8))
     Ref(i8)
   StmtBlk
    Ret
     Op(ARRAY_ACCESS)
      Ref(arr)
      IntLit(0)
  Fn(takesbyptr)
   FnSig
    Typename(takesbyptr)
    VarDecl(arr)
     Type(Ref(i8))
      Ref(i8)
      Qualifier(const: 0 ptr: 1, array: 0)
    Type(Ref(i8))
     Ref(i8)
   StmtBlk
    Ret
     Op(ARRAY_ACCESS)
      Ref(arr)
      IntLit(0)
  Fn(takesbyref)
   FnSig
    Typename(takesbyref)
    VarDecl(arr)
     Type(refRef(i8))
      Ref(i8)
      Qualifier(const: 0 ptr: 0, array: IntLit(42))
       IntLit(42)
    Type(Ref(i8))
     Ref(i8)
   StmtBlk
    Ret
     Op(ARRAY_ACCESS)
      Ref(arr)
      IntLit(0)
  Fn(main)
   FnSig
    Typename(main)
    Type(Ref(i8))
     Ref(i8)
   StmtBlk
    VarDefn
     VarDecl(arr)
     CompoundLit
      Type(Ref(i8))
       Ref(i8)
       Qualifier(const: 0 ptr: 0, array: IntLit(42))
        IntLit(42)
      CompoundLitFragment()
       IntLit(0)
      CompoundLitFragment()
       IntLit(1)
      CompoundLitFragment()
       IntLit(2)
      CompoundLitFragment()
       IntLit(3)
    Op(FN_CALL)
     Ref(takesbyvalue)
     FnCallArgs
      Ref(arr)
    Op(FN_CALL)
     Ref(takesarrbyptr)
     FnCallArgs
      Op(UNARY_ADDR)
       Ref(arr)
    Op(FN_CALL)
     Ref(takesbyref)
     FnCallArgs
      Ref(arr)
    Op(FN_CALL)
     Ref(takesbyptr)
     FnCallArgs
      Op(UNARY_ADDR)
       Op(ARRAY_ACCESS)
        Ref(arr)
        IntLit(0)
    Ret
     IntLit(4)
