Module
 File(pointers.meme)
  Fn(main)
   FnSig
    Typename(main)
    Type(Ref(i8))
     Ref(i8)
   StmtBlk
    VarDefn
     VarDecl(val)
     CompoundLit
      Type(Ref(i8))
       Ref(i8)
      CompoundLitFragment()
       IntLit(2)
    VarDefn
     VarDecl(ptr)
      Type(Ref(i8))
       Ref(i8)
       Qualifier(const: 0 ptr: 1, array: 0)
     Op(UNARY_ADDR)
      Ref(val)
    VarDefn
     VarDecl(pptr)
      Type(Ref(i8))
       Ref(i8)
       Qualifier(const: 0 ptr: 1, array: 0)
       Qualifier(const: 0 ptr: 1, array: 0)
     Op(UNARY_ADDR)
      Ref(ptr)
    VarDefn
     VarDecl(refpptr)
      Type(refRef(i8))
       Ref(i8)
       Qualifier(const: 0 ptr: 1, array: 0)
       Qualifier(const: 0 ptr: 1, array: 0)
     Ref(pptr)
    VarDefn
     VarDecl(cval)
     CompoundLit
      Type(Ref(i8))
       Ref(i8)
      CompoundLitFragment()
       IntLit(2)
    VarDefn
     VarDecl(cptr_ci8)
      Type(const Ref(i8))
       Ref(i8)
       Qualifier(const: 1 ptr: 1, array: 0)
     Op(UNARY_ADDR)
      Ref(cval)
    VarDefn
     VarDecl(cptr_cptr_ci8)
      Type(const Ref(i8))
       Ref(i8)
       Qualifier(const: 1 ptr: 1, array: 0)
       Qualifier(const: 1 ptr: 1, array: 0)
     Op(UNARY_ADDR)
      Ref(cptr_ci8)
    VarDefn
     VarDecl(array_cptr_ci8)
      Type(const Ref(i8))
       Ref(i8)
       Qualifier(const: 0 ptr: 0, array: IntLit(42))
        IntLit(42)
       Qualifier(const: 1 ptr: 1, array: 0)
     CompoundLit
      Type(const Ref(i8))
       Ref(i8)
       Qualifier(const: 0 ptr: 0, array: IntLit(42))
        IntLit(42)
       Qualifier(const: 1 ptr: 1, array: 0)
    VarDefn
     VarDecl(array_cptr_ci8_deduce1)
     CompoundLit
      Type(const Ref(i8))
       Ref(i8)
       Qualifier(const: 0 ptr: 0, array: IntLit(42))
        IntLit(42)
       Qualifier(const: 1 ptr: 1, array: 0)
    VarDefn
     VarDecl(array_cptr_ci8_deduce2)
      Type(const Ref(i8))
       Ref(i8)
       Qualifier(const: 0 ptr: 0, array: IntLit(42))
        IntLit(42)
       Qualifier(const: 1 ptr: 1, array: 0)
     CompoundLit
    VarDefn
     VarDecl(cptr_array_ci8)
      Type(const Ref(i8))
       Ref(i8)
       Qualifier(const: 1 ptr: 1, array: 0)
       Qualifier(const: 0 ptr: 0, array: IntLit(42))
        IntLit(42)
     CompoundLit
      Type(Ref(i8))
       Ref(i8)
       Qualifier(const: 0 ptr: 1, array: 0)
       Qualifier(const: 0 ptr: 0, array: IntLit(42))
        IntLit(42)
      CompoundLitFragment()
       IntLit(0)
    VarDefn
     VarDecl(cptr_array_ci8_deduce1)
     CompoundLit
      Type(Ref(i8))
       Ref(i8)
       Qualifier(const: 0 ptr: 1, array: 0)
       Qualifier(const: 0 ptr: 0, array: IntLit(42))
        IntLit(42)
      CompoundLitFragment()
       IntLit(0)
    VarDefn
     VarDecl(cptr_array_ci8_deduce2)
      Type(const Ref(i8))
       Ref(i8)
       Qualifier(const: 1 ptr: 1, array: 0)
       Qualifier(const: 0 ptr: 0, array: IntLit(42))
        IntLit(42)
     CompoundLit
    VarDefn
     VarDecl(multidim_array)
      Type(Ref(i8))
       Ref(i8)
       Qualifier(const: 0 ptr: 0, array: IntLit(40))
        IntLit(40)
       Qualifier(const: 0 ptr: 0, array: IntLit(30))
        IntLit(30)
     CompoundLit
      Type(Ref(i8))
       Ref(i8)
       Qualifier(const: 0 ptr: 0, array: IntLit(40))
        IntLit(40)
       Qualifier(const: 0 ptr: 0, array: IntLit(30))
        IntLit(30)
    VarDefn
     VarDecl(multidim_array_deduce1)
     CompoundLit
      Type(Ref(i8))
       Ref(i8)
       Qualifier(const: 0 ptr: 0, array: IntLit(40))
        IntLit(40)
       Qualifier(const: 0 ptr: 0, array: IntLit(30))
        IntLit(30)
    VarDefn
     VarDecl(multidim_array_deduce2)
      Type(Ref(i8))
       Ref(i8)
       Qualifier(const: 0 ptr: 0, array: IntLit(40))
        IntLit(40)
       Qualifier(const: 0 ptr: 0, array: IntLit(30))
        IntLit(30)
     CompoundLit
    VarDefn
     VarDecl(cmultidim_array)
      Type(const Ref(i8))
       Ref(i8)
       Qualifier(const: 0 ptr: 0, array: IntLit(40))
        IntLit(40)
       Qualifier(const: 0 ptr: 0, array: IntLit(30))
        IntLit(30)
     CompoundLit
      Type(const Ref(i8))
       Ref(i8)
       Qualifier(const: 0 ptr: 0, array: IntLit(40))
        IntLit(40)
       Qualifier(const: 0 ptr: 0, array: IntLit(30))
        IntLit(30)
    VarDefn
     VarDecl(cmultidim_array_deduce1)
     CompoundLit
      Type(const Ref(i8))
       Ref(i8)
       Qualifier(const: 0 ptr: 0, array: IntLit(40))
        IntLit(40)
       Qualifier(const: 0 ptr: 0, array: IntLit(30))
        IntLit(30)
    VarDefn
     VarDecl(cmultidim_array_deduce2)
      Type(const Ref(i8))
       Ref(i8)
       Qualifier(const: 0 ptr: 0, array: IntLit(40))
        IntLit(40)
       Qualifier(const: 0 ptr: 0, array: IntLit(30))
        IntLit(30)
     CompoundLit
    Ret
     IntLit(0)
