Module
 File(complex.meme)
  Fn(test)
   FnSig
    Typename(test)
     Typelist(T)
    VarDecl(a)
     Type(Ref(T))
      Ref(T)
      Qualifier(const: 1 ptr: 1, array: 0)
   StmtBlk
  Fn(main)
   FnSig
    Typename(main)
    Type(Ref(i8))
     Ref(i8)
   StmtBlk
    Asm()
    Asm(
    lhu r30, 3
  )
    VarDefn
     VarDecl(st)
      Type(Ref(A))
       Ref(A)
     CompoundLit
      Type(Ref(A))
       Ref(A)
    VarDefn
     VarDecl(test_enum)
     CompoundLit
      Type(Ref(TestEnum).Ref(Test3))
       Ref(TestEnum)
       Ref(Test3)
      CompoundLitFragment()
       Ref(st)
    Op(ASSIGNMENT)
     Op(MEMBER_ACCESS)
      Ref(st)
      Ref(v)
     IntLit(3)
    VarDefn
     VarDecl(e)
     CompoundLit
      Type(Ref(i8))
       Ref(i8)
      CompoundLitFragment()
       IntLit(0)
    VarDefn
     VarDecl(a)
     CompoundLit
      Type(Ref(i8))
       Ref(i8)
      CompoundLitFragment()
       IntLit(2)
    VarDefn
     VarDecl(d)
      Type(Ref(i8))
       Ref(i8)
       Qualifier(const: 0 ptr: 0, array: IntLit(40))
        IntLit(40)
     CompoundLit
    Op(ASSIGNMENT)
     Op(ARRAY_ACCESS)
      Ref(d)
      Op(PREFIX_DEC)
       Op(MEMBER_ACCESS)
        Ref(st)
        Ref(v)
     IntLit(1)
    Op(ASSIGNMENT)
     Op(ARRAY_ACCESS)
      Ref(d)
      Op(POSTFIX_INC)
       Op(MEMBER_ACCESS)
        Ref(st)
        Ref(v)
     IntLit(1)
    Op(ASSIGNMENT)
     Op(ARRAY_ACCESS)
      Ref(d)
      Op(SUB)
       IntLit(40)
       IntLit(1)
     Op(TERNARY)
      Op(LAND)
       BoolLit(true)
       Op(LOR)
        BoolLit(true)
        Ref(!false)
      Op(TERNARY)
       Op(BAND)
        Ref(~0)
        IntLit(1)
       Op(BOR)
        Op(BXOR)
         IntLit(1)
         IntLit(2)
        IntLit(3)
    If
     Op(LOR)
      Op(LOR)
       Op(LOR)
        Op(LOR)
         Op(LOR)
          Op(EQ)
           Ref(e)
           Op(MEMBER_ACCESS)
            Ref(st)
            Ref(v)
          Op(NEQ)
           Op(ARRAY_ACCESS)
            Ref(d)
            Op(SUB)
             IntLit(23)
             IntLit(2)
           Ref(a)
         Op(LEQ)
          Ref(a)
          Ref(e)
        Op(GT)
         Ref(a)
         Ref(e)
       Op(GEQ)
        Ref(e)
        Op(MEMBER_ACCESS)
         Ref(st)
         Ref(v)
      Op(LT)
       Ref(e)
       Op(ARRAY_ACCESS)
        Ref(d)
        IntLit(3)
     StmtBlk
      Op(FN_CALL)
       Ref(test)
        Type(Ref(i8))
         Ref(i8)
       FnCallArgs
        Op(UNARY_ADDR)
         Ref(e)
     StmtBlk
      If
       BoolLit(true)
       StmtBlk
       StmtBlk
    VarDefn
     VarDecl(b)
     Op(SUB)
      Op(MUL)
       Op(UNARY_NEGATE)
        Op(ADD)
         IntLit(34)
         IntLit(32)
       Op(DIV)
        IntLit(55)
        IntLit(3)
      Op(UNARY_NEGATE)
       IntLit(4)
    Op(SUB)
     Ref(a)
     Op(MOD)
      Op(UNARY_NEGATE)
       IntLit(4)
      IntLit(2)
    Op(SUB)
     Op(POSTFIX_DEC)
      Ref(a)
     Ref(b)
    CharLit(9)
    CharLit(9)
    CharLit(3)
    CharLit(3)
    StrLit(b")
    Op(MEMBER_ACCESS)
     IntLit(5)
     IntLit(5)
    For
     VarDefn
      VarDecl(f)
      CompoundLit
       Type(Ref(i8))
        Ref(i8)
       CompoundLitFragment()
        IntLit(0)
     Op(LT)
      Ref(f)
      IntLit(10)
     Op(POSTFIX_INC)
      Ref(f)
     StmtBlk
      Ret
       IntLit(4)
    Ret
     IntLit(0)
  Enum(2 numbered)
   Typename(TestEnum)
   VarDecl(Test3)
    Type(Ref(A))
     Ref(A)
  Enum(0 numbered)
   Typename(Result)
    Typelist(R, E)
   VarDecl(Ok)
    Type(Ref(R))
     Ref(R)
   VarDecl(Err)
    Type(Ref(E))
     Ref(E)
  Intf
  Intf
  Struct
   Typename(A)
   VarDecl(v)
    Type(Ref(i8))
     Ref(i8)
   VarDecl(z)
    Type(Ref(bool))
     Ref(bool)
  Impl
   Type(Ref(A))
    Ref(A)
   Fn(new)
    FnSig
     Typename(new)
    StmtBlk
  Impl
   Type(Ref(Intf))
    Ref(Intf)
   Type(Ref(A))
    Ref(A)
  Impl
   Typelist(T)
   Type(Ref(IntfT))
    Ref(IntfT)
     Type(Ref(T))
      Ref(T)
   Type(Ref(A))
    Ref(A)
