Module
 File(expr_types.meme)
  Fn(bubblesort)
   FnSig
    Typename(bubblesort)
     Typelist(T)
    VarDecl(v)
     Type(Ref(vector))
      Ref(vector)
       Type(Ref(T))
        Ref(T)
        Qualifier(const: 0 ptr: 1, array: 0)
      Qualifier(const: 1 ptr: 1, array: 0)
   StmtBlk
  Fn(main)
   FnSig
    Typename(main)
    Type(Ref(i32))
     Ref(i32)
   StmtBlk
    VarDefn
     VarDecl(v)
     Op(FN_CALL)
      Op(MEMBER_ACCESS)
       Type(Ref(vector))
        Ref(vector)
         Type(Ref(i8))
          Ref(i8)
       Ref(new)
      FnCallArgs
    Op(FN_CALL)
     Op(MEMBER_ACCESS)
      Ref(v)
      Ref(push)
     FnCallArgs
      IntLit(1)
    Op(FN_CALL)
     Ref(bubblesort)
     FnCallArgs
      Op(UNARY_ADDR)
       Ref(v)
    VarDefn
     VarDecl(d)
     CompoundLit
      Type(Ref(vector))
       Ref(vector)
        Type(Ref(i16))
         Ref(i16)
    Op(MUL)
     Ref(d)
     Op(UNARY_DEREF)
      Op(UNARY_ADDR)
       CompoundLit
        Type(Ref(vector))
         Ref(vector)
          Type(Ref(i16))
           Ref(i16)
    Ret
     IntLit(0)
  Struct
   Typename(vector)
    Typelist(T)
  Impl
   Typelist(T)
   Type(Ref(vector))
    Ref(vector)
     Type(Ref(T))
      Ref(T)
   Fn(push)
    FnSig
     Typename(push)
     VarDecl(v)
      Type(Ref(i32))
       Ref(i32)
    StmtBlk
   Fn(new)
    FnSig
     Typename(new)
     Type(Ref(vector))
      Ref(vector)
       Type(Ref(T))
        Ref(T)
    StmtBlk
     Ret
      CompoundLit
