File
 Fn
  FnSig
   Typename(bubblesort)
    Typelist(T)
   VarDecl
    VarRef(v)
    Type(vector)
     Qualifier(const: 1 ptr: 1, array: 0)
     Type(T)
      Qualifier(const: 0 ptr: 1, array: 0)
   Type(Unit)
  StmtBlk
 Fn
  FnSig
   Typename(main)
   Type(i32)
  StmtBlk
   VarDefn
    VarDecl
     VarRef(v)
     Type()
    Op(FN_CALL)
     Op(MEMBER_ACCESS)
      Type(vector)
       Type(i8)
      VarRef(new)
     FnCallArgs
   Op(FN_CALL)
    Op(MEMBER_ACCESS)
     VarRef(v)
     VarRef(push)
    FnCallArgs
     IntLit(1)
   Op(FN_CALL)
    VarRef(bubblesort)
    FnCallArgs
     Op(UNARY_ADDR)
      VarRef(v)
   VarDefn
    VarDecl
     VarRef(d)
     Type()
    Op(FN_CALL)
     Type(vector)
      Type(i16)
     FnCallArgs
      VarRef(v)
   Op(MUL)
    VarRef(a)
    Op(UNARY_DEREF)
     Op(FN_CALL)
      Type(vector)
       Type(i16)
      FnCallArgs
       VarRef(v)
   Return
    IntLit(0)
 Enum(0 untyped)
  Typename(Unit)
 Struct
  Typename(vector)
   Typelist(T)
  Fn
   FnSig
    Typename(push)
    VarDecl
     VarRef(v)
     Type(i32)
    Type(Unit)
   StmtBlk
