File
 FnDefn
  FnSig
   Typename(bubblesort)
    Typelist(T)
   VarDecl
    VarRef(v)
    Type(vector)
     Qualifier(const: 1 ptr: 1, array: 0)
     Type(T)
      Qualifier(const: 0 ptr: 1, array: 0)
   Type(Unit)
  StmtBlk
   For
    Var
     VarDecl
      VarRef(i)
      Type(i32)
     IntLit(0)
    Op(LT)
     VarRef(i)
     Op(FN_CALL)
      Op(MEMBER_ACCESS)
       VarRef(v)
       VarRef(size)
      FnCallArgs
    Op(POSTFIX_INC)
     VarRef(i)
    StmtBlk
     For
      Var
       VarDecl
        VarRef(j)
        Type(i32)
       IntLit(0)
      Op(LT)
       VarRef(j)
       Op(SUB)
        Op(FN_CALL)
         Op(MEMBER_ACCESS)
          VarRef(v)
          VarRef(size)
         FnCallArgs
        IntLit(1)
      Op(POSTFIX_INC)
       VarRef(j)
      StmtBlk
       If
        Op(GT)
         Op(ARRAY_ACCESS)
          VarRef(v)
          VarRef(j)
         Op(ARRAY_ACCESS)
          VarRef(v)
          Op(ADD)
           VarRef(j)
           IntLit(1)
        StmtBlk
         Op(FN_CALL)
          VarRef(swap)
          FnCallArgs
           Op(ARRAY_ACCESS)
            VarRef(v)
            VarRef(j)
           Op(ARRAY_ACCESS)
            VarRef(v)
            Op(ADD)
             VarRef(j)
             IntLit(1)
 Enum(0 untyped)
  Typename(Unit)
