File
 Fn
  FnSig
   Typename(test)
    Typelist(T)
   VarDecl
    VarRef(a)
    Type(T)
     Qualifier(const: 1 ptr: 1, array: 0)
   Type(Unit)
  StmtBlk
 Fn
  FnSig
   Typename(main)
   Type(i8)
  StmtBlk
   Asm()
   Asm(
    lhu r30, 3
  )
   VarDefn
    VarDecl
     VarRef(decl)
     Type(A)
   VarDefn
    VarDecl
     VarRef(st)
     Type(A)
    CompoundLit
   VarDefn
    VarDecl
     VarRef(test_enum)
     Type(TestEnum)
    Op(FN_CALL)
     VarRef(Test3)
     FnCallArgs
      VarRef(st)
   Op(ASSIGNMENT)
    Op(MEMBER_ACCESS)
     VarRef(st)
     VarRef(v)
    IntLit(3)
   VarDefn
    VarDecl
     VarRef(e)
     Type(i8)
    IntLit(0)
   VarDefn
    VarDecl
     VarRef(a)
     Type(i8)
    IntLit(2)
   VarDefn
    VarDecl
     VarRef(d)
     Type(i8)
      Qualifier(const: 0 ptr: 0, array: 40)
    CompoundLit
   Op(ASSIGNMENT)
    Op(ARRAY_ACCESS)
     VarRef(d)
     Op(PREFIX_DEC)
      Op(MEMBER_ACCESS)
       VarRef(st)
       VarRef(v)
    IntLit(1)
   Op(ASSIGNMENT)
    Op(ARRAY_ACCESS)
     VarRef(d)
     Op(POSTFIX_INC)
      Op(MEMBER_ACCESS)
       VarRef(st)
       VarRef(v)
    IntLit(1)
   Op(ASSIGNMENT)
    Op(ARRAY_ACCESS)
     VarRef(d)
     Op(SUB)
      IntLit(40)
      IntLit(1)
    Op(TERNARY)
     Op(LAND)
      BoolLit(true)
      Op(LOR)
       BoolLit(true)
       VarRef(!false)
     Op(TERNARY)
      Op(BAND)
       VarRef(~0)
       IntLit(1)
      Op(BOR)
       Op(BXOR)
        IntLit(1)
        IntLit(2)
       IntLit(3)
   If
    Op(LOR)
     Op(LOR)
      Op(LOR)
       Op(LOR)
        Op(LOR)
         Op(EQ)
          VarRef(e)
          Op(MEMBER_ACCESS)
           VarRef(st)
           VarRef(v)
         Op(NEQ)
          Op(ARRAY_ACCESS)
           VarRef(d)
           Op(SUB)
            IntLit(23)
            IntLit(2)
          VarRef(a)
        Op(LEQ)
         VarRef(a)
         VarRef(e)
       Op(GT)
        VarRef(a)
        VarRef(e)
      Op(GEQ)
       VarRef(e)
       Op(MEMBER_ACCESS)
        VarRef(st)
        VarRef(v)
     Op(LT)
      VarRef(e)
      Op(ARRAY_ACCESS)
       VarRef(d)
       IntLit(3)
    StmtBlk
     Op(GT)
      Op(LT)
       VarRef(test)
       Type(i8)
      Op(UNARY_ADDR)
       VarRef(e)
    If
     BoolLit(true)
     StmtBlk
     StmtBlk
      Op(ADD)
       VarRef(a)
       VarRef(b)
   VarDefn
    VarDecl
     VarRef(b)
     Type(const auto)
    Op(SUB)
     Op(MUL)
      Op(UNARY_NEGATE)
       Op(ADD)
        IntLit(34)
        IntLit(32)
      Op(DIV)
       IntLit(55)
       IntLit(3)
     Op(UNARY_NEGATE)
      IntLit(4)
   Op(SUB)
    VarRef(a)
    Op(MOD)
     Op(UNARY_NEGATE)
      IntLit(4)
     IntLit(2)
   Op(SUB)
    Op(POSTFIX_DEC)
     VarRef(a)
    VarRef(b)
   CharLit(0)
   CharLit(0)
   CharLit(0)
   CharLit(0)
   StrLit(b")
   Op(MEMBER_ACCESS)
    IntLit(5)
    IntLit(5)
   Op(ASSIGNMENT)
    VarRef(a)
    Op(ASSIGNMENT)
     VarRef(b)
     Op(ASSIGNMENT)
      VarRef(c)
      VarRef(d)
   Op(ADD)
    Op(ADD)
     Op(ADD)
      VarRef(a)
      VarRef(b)
     VarRef(c)
    VarRef(d)
   For
    VarDefn
     VarDecl
      VarRef(f)
      Type(i8)
     IntLit(0)
    Op(LT)
     VarRef(f)
     IntLit(10)
    Op(POSTFIX_INC)
     VarRef(f)
    StmtBlk
     Return
      IntLit(4)
   Return
    IntLit(0)
 Enum(0 untyped)
  Typename(Unit)
 Enum(2 untyped)
  Typename(TestEnum)
  VarDecl
   VarRef(Test3)
   Type(A)
 Enum(0 untyped)
  Typename(Result)
   Typelist(R, E)
  VarDecl
   VarRef(Ok)
   Type(R)
  VarDecl
   VarRef(Err)
   Type(E)
 Intf
 Intf
 Struct
  Typename(A)
  VarDecl
   VarRef(v)
   Type(i8)
  VarDecl
   VarRef(y)
   Type(i32)
  VarDecl
   VarRef(z)
   Type(bool)
  Fn
   FnSig
    Typename(new)
    Type(Unit)
   StmtBlk
