File
 Fn
  FnSig
   Typename(main)
   Type(i32)
  StmtBlk
   Op(SUB)
    Op(MUL)
     Op(UNARY_NEGATE)
      Op(ADD)
       IntLit(34)
       IntLit(32)
     Op(DIV)
      IntLit(55)
      IntLit(3)
    Op(UNARY_NEGATE)
     IntLit(4)
   Op(SUB)
    VarRef(a)
    Op(UNARY_NEGATE)
     IntLit(4)
   Op(SUB)
    Op(POSTFIX_DEC)
     VarRef(a)
    VarRef(b)
   Op(SUB)
    Op(ADD)
     Op(UNARY_NEGATE)
      Op(PREFIX_DEC)
       Op(POSTFIX_INC)
        VarRef(a)
     VarRef(b)
    Op(PREFIX_DEC)
     VarRef(c)
   Ret
    IntLit(42)
